// Jest Snapshot v1, https://goo.gl/fbAQLP

exports[`VPostAuthor component should render correctly 1`] = `
<span class="a-VPostAuthor">
  by John Doe
</span>
`;
