// Jest Snapshot v1, https://goo.gl/fbAQLP

exports[`VPostTitle component should render correctly 1`] = `<h2 class="a-VPostTitle">Post Title</h2>`;
